// Jest Snapshot v1, https://goo.gl/fbAQLP

exports[` 1`] = `
Object {
  "repeat": "ground--concrete",
  "scatter": Object {
    "maxSpacing": 60,
    "minSpacing": 18,
    "pool": "people",
  },
}
`;
