// Jest Snapshot v1, https://goo.gl/fbAQLP

exports[`SkyBackgroundObjects renders 1`] = `
<SkyBackgroundObjects
  environment="foo"
>
  <mockConstructor
    className="sky-background-objects"
  />
</SkyBackgroundObjects>
`;
